C:\Users\PC\Desktop\ASFileWithPLC\JS\JS\Logical\Libraries\operator\operator.fun
C:\Users\PC\Desktop\ASFileWithPLC\JS\JS\Logical\Libraries\operator\operator.typ
C:\Users\PC\Desktop\ASFileWithPLC\JS\JS\Logical\Libraries\operator\operator.var
C:\Users\PC\Desktop\ASFileWithPLC\JS\JS\Logical\Libraries\runtime\runtime.fun
C:\Users\PC\Desktop\ASFileWithPLC\JS\JS\Logical\Libraries\runtime\runtime.typ
C:\Users\PC\Desktop\ASFileWithPLC\JS\JS\Logical\Libraries\runtime\runtime.var
C:\Users\PC\Desktop\ASFileWithPLC\JS\JS\Logical\Libraries\astime\astime.fun
C:\Users\PC\Desktop\ASFileWithPLC\JS\JS\Logical\Libraries\astime\astime.typ
C:\Users\PC\Desktop\ASFileWithPLC\JS\JS\Logical\Libraries\astime\astime.var
C:\Users\PC\Desktop\ASFileWithPLC\JS\JS\Logical\Libraries\AsIecCon\AsIecCon.fun
C:\Users\PC\Desktop\ASFileWithPLC\JS\JS\Logical\Libraries\AsIecCon\AsIecCon.typ
C:\Users\PC\Desktop\ASFileWithPLC\JS\JS\Logical\Libraries\AsIecCon\AsIecCon.var
C:\Users\PC\Desktop\ASFileWithPLC\JS\JS\Logical\Libraries\brsystem\brsystem.fun
C:\Users\PC\Desktop\ASFileWithPLC\JS\JS\Logical\Libraries\brsystem\brsystem.typ
C:\Users\PC\Desktop\ASFileWithPLC\JS\JS\Logical\Libraries\brsystem\brsystem.var
C:\Users\PC\Desktop\ASFileWithPLC\JS\JS\Logical\Libraries\sys_lib\sys_lib.fun
C:\Users\PC\Desktop\ASFileWithPLC\JS\JS\Logical\Libraries\sys_lib\sys_lib.typ
C:\Users\PC\Desktop\ASFileWithPLC\JS\JS\Logical\Libraries\sys_lib\sys_lib.var
C:\Users\PC\Desktop\ASFileWithPLC\JS\JS\Logical\Libraries\AsArLog\AsArLog.fun
C:\Users\PC\Desktop\ASFileWithPLC\JS\JS\Logical\Libraries\AsArLog\AsArLog.typ
C:\Users\PC\Desktop\ASFileWithPLC\JS\JS\Logical\Libraries\AsArLog\AsArLog.var
C:\Users\PC\Desktop\ASFileWithPLC\JS\JS\Logical\Libraries\AsTCP\AsTCP.fun
C:\Users\PC\Desktop\ASFileWithPLC\JS\JS\Logical\Libraries\AsTCP\AsTCP.typ
C:\Users\PC\Desktop\ASFileWithPLC\JS\JS\Logical\Libraries\AsTCP\AsTCP.var
C:\Users\PC\Desktop\ASFileWithPLC\JS\JS\Logical\Libraries\pctr_fun\pctr_fun.fun
C:\Users\PC\Desktop\ASFileWithPLC\JS\JS\Logical\Libraries\pctr_fun\pctr_fun.typ
C:\Users\PC\Desktop\ASFileWithPLC\JS\JS\Logical\Libraries\pctr_fun\pctr_fun.var
C:\Users\PC\Desktop\ASFileWithPLC\JS\JS\Logical\Global.typ
C:\Users\PC\Desktop\ASFileWithPLC\JS\JS\Logical\Global.var
